Archive member included because of file (symbol)

c:/NXP/bstudio_nxp/sdk/JN-SW-4170/Components/Library\libHardwareApi_JN516x.a(AHI_Dio.o)
                              AN1193_Blinky.o (symbol from plugin) (vAHI_DioSetDirection)
c:/NXP/bstudio_nxp/sdk/JN-SW-4170/Components/Library\libHardwareApi_JN516x.a(AHI_System.o)
                              AN1193_Blinky.o (symbol from plugin) (vAHI_WatchdogStop)
c:/NXP/bstudio_nxp/sdk/JN-SW-4170/Components/Library\libHardwareApi_JN516x.a(AHI_Timer.o)
                              AHI_System.o (symbol from plugin) (vAHI_TimerEnable)
c:/NXP/bstudio_nxp/sdk/JN-SW-4170/Components/Library\libHardwareApi_JN516x.a(AHI_TimerInt.o)
                              AHI_System.o (symbol from plugin) (vAHI_Timer0RegisterCallback)
c:/NXP/bstudio_nxp/sdk/JN-SW-4170/Components/Library\libHardwareApi_JN516x.a(AHI_Flash.o)
                              AHI_System.o (symbol from plugin) (vAHI_FlashAndEEPROMControllerIntHandler)
c:/NXP/bstudio_nxp/sdk/JN-SW-4170/Components/Library\libHardwareApi_JN516x.a(AHI_Infrared.o)
                              AHI_TimerInt.o (symbol from plugin) (vAHI_IntHandlerInfrared)
c:/NXP/bstudio_nxp/sdk/JN-SW-4170/Components/Library\libHardwareApi_JN516x.a(InternalFlashApi.o)
                              AHI_Flash.o (symbol from plugin) (bFlashErase)
c:/NXP/bstudio_nxp/sdk/JN-SW-4170/Components/Library\libHardwareApi_JN516x.a(AHI_Init.o)
                              AN1193_Blinky.o (symbol from plugin) (u32AHI_Init)
c:/NXP/bstudio_nxp/sdk/JN-SW-4170/Components/Library\libHardwareApi_JN516x.a(AHI_Analogue.o)
                              AHI_Init.o (symbol from plugin) (vAHI_IntHandlerAnalogPeriph)
c:/NXP/bstudio_nxp/sdk/JN-SW-4170/Components/Library\libHardwareApi_JN516x.a(AHI_Spi.o)
                              AHI_Flash.o (symbol from plugin) (vAHI_SpiConfigure)
c:/NXP/bstudio_nxp/sdk/JN-SW-4170/Components/Library\libHardwareApi_JN516x.a(AHI_Uart.o)
                              AHI_Init.o (symbol from plugin) (vAHI_IntHandlerUart0)
c:/NXP/bstudio_nxp/sdk/JN-SW-4170/Components/Library\libHardwareApi_JN516x.a(AHI_SpiSlave.o)
                              AHI_Init.o (symbol from plugin) (vAHI_IntHandlerSpiSlave)
c:/NXP/bstudio_nxp/sdk/JN-SW-4170/Components/Library\libHardwareApi_JN516x.a(AHI_Si.o)
                              AHI_Init.o (symbol from plugin) (vAHI_IntHandlerSi)
c:/NXP/bstudio_nxp/sdk/JN-SW-4170/Components/Library\libHardwareApi_JN516x.a(AHI_TickTimer.o)
                              AHI_Init.o (symbol from plugin) (vAHI_IntHandlerTickTimer)
c:/NXP/bstudio_nxp/sdk/JN-SW-4170/Components/Library\libHardwareApi_JN516x.a(AHI_Interrupt.o)
                              AHI_Init.o (symbol from plugin) (vAHI_InterruptSetPriority)
c:/NXP/bstudio_nxp/sdk/JN-SW-4170/Components/Library\libBoot_JN516x.a(Heap.o)
                              (u32HeapStart)
c:/NXP/bstudio_nxp/sdk/JN-SW-4170/Components/Library\libBoot_JN516x.a(ExceptionHandler.o)
                              (_exception_external_interrupt)
c:/NXP/bstudio_nxp/sdk/JN-SW-4170/Components/Library\libDBG_JN516x.a(dbg_uart.o)
                              AN1193_Blinky.o (symbol from plugin) (DBG_vUartInit)
c:/NXP/bstudio_nxp/sdk/JN-SW-4170/Components/Library\libDBG_JN516x.a(dbg.o)
                              dbg_uart.o (symbol from plugin) (DBG_vInit)
c:/NXP/bstudio_nxp/sdk/JN-SW-4170/Components/Library\libAes_JN516x.a(AEScoprocessorAPIinterrupts.o)
                              AHI_Init.o (symbol from plugin) (vACI_IntHandlerAes)
c:/nxp/bstudio_nxp/sdk/tools/ba-elf-ba2-r36379/bin/../lib/gcc/ba-elf/4.7.4/../../../../ba-elf/lib/mcpu_jn51xx_sizeopt\libc.a(lib_a-memcpy.o)
                              C:\Users\Giau\AppData\Local\Temp\ccE7wt36.ltrans0.ltrans.o (memcpy)
c:/nxp/bstudio_nxp/sdk/tools/ba-elf-ba2-r36379/bin/../lib/gcc/ba-elf/4.7.4/../../../../ba-elf/lib/mcpu_jn51xx_sizeopt\libc.a(lib_a-memset.o)
                              C:\Users\Giau\AppData\Local\Temp\ccE7wt36.ltrans0.ltrans.o (memset)

Allocating common symbols
Common symbol       size              file

g_tSpiConfiguration
                    0x4               AHI_Flash.o (symbol from plugin)
prTickTimeAppCallback
                    0x4               AHI_TickTimer.o (symbol from plugin)
bAHI_ExtendedTemperatureOperation
                    0x1               AHI_System.o (symbol from plugin)

Discarded input sections

 .text          0x0000000000000000        0x0 AN1193_Blinky.o (symbol from plugin)
 .data          0x0000000000000000        0x0 c:/nxp/bstudio_nxp/sdk/tools/ba-elf-ba2-r36379/bin/../lib/gcc/ba-elf/4.7.4/../../../../ba-elf/lib/mcpu_jn51xx_sizeopt\libc.a(lib_a-memcpy.o)
 .bss           0x0000000000000000        0x0 c:/nxp/bstudio_nxp/sdk/tools/ba-elf-ba2-r36379/bin/../lib/gcc/ba-elf/4.7.4/../../../../ba-elf/lib/mcpu_jn51xx_sizeopt\libc.a(lib_a-memcpy.o)
 .data          0x0000000000000000        0x0 c:/nxp/bstudio_nxp/sdk/tools/ba-elf-ba2-r36379/bin/../lib/gcc/ba-elf/4.7.4/../../../../ba-elf/lib/mcpu_jn51xx_sizeopt\libc.a(lib_a-memset.o)
 .bss           0x0000000000000000        0x0 c:/nxp/bstudio_nxp/sdk/tools/ba-elf-ba2-r36379/bin/../lib/gcc/ba-elf/4.7.4/../../../../ba-elf/lib/mcpu_jn51xx_sizeopt\libc.a(lib_a-memset.o)
 .text          0x0000000000000000        0x0 AHI_Dio.o (symbol from plugin)
 .text          0x0000000000000000        0x0 AHI_System.o (symbol from plugin)
 .text          0x0000000000000000        0x0 AHI_Timer.o (symbol from plugin)
 .text          0x0000000000000000        0x0 AHI_TimerInt.o (symbol from plugin)
 .text          0x0000000000000000        0x0 AHI_Flash.o (symbol from plugin)
 .text          0x0000000000000000        0x0 AHI_Infrared.o (symbol from plugin)
 .text          0x0000000000000000        0x0 InternalFlashApi.o (symbol from plugin)
 .text          0x0000000000000000        0x0 AHI_Init.o (symbol from plugin)
 .text          0x0000000000000000        0x0 AHI_Analogue.o (symbol from plugin)
 .text          0x0000000000000000        0x0 AHI_Spi.o (symbol from plugin)
 .text          0x0000000000000000        0x0 AHI_Uart.o (symbol from plugin)
 .text          0x0000000000000000        0x0 AHI_SpiSlave.o (symbol from plugin)
 .text          0x0000000000000000        0x0 AHI_Si.o (symbol from plugin)
 .text          0x0000000000000000        0x0 AHI_TickTimer.o (symbol from plugin)
 .data          0x0000000000000000        0x0 c:/NXP/bstudio_nxp/sdk/JN-SW-4170/Components/Library\libHardwareApi_JN516x.a(AHI_Interrupt.o)
 .bss           0x0000000000000000        0x0 c:/NXP/bstudio_nxp/sdk/JN-SW-4170/Components/Library\libHardwareApi_JN516x.a(AHI_Interrupt.o)
 .text          0x0000000000000000        0x0 Heap.o (symbol from plugin)
 .text          0x0000000000000000        0x0 c:/NXP/bstudio_nxp/sdk/JN-SW-4170/Components/Library\libBoot_JN516x.a(ExceptionHandler.o)
 .data          0x0000000000000000        0x0 c:/NXP/bstudio_nxp/sdk/JN-SW-4170/Components/Library\libBoot_JN516x.a(ExceptionHandler.o)
 .bss           0x0000000000000000        0x0 c:/NXP/bstudio_nxp/sdk/JN-SW-4170/Components/Library\libBoot_JN516x.a(ExceptionHandler.o)
 .text          0x0000000000000000        0x0 dbg_uart.o (symbol from plugin)
 .text          0x0000000000000000        0x0 dbg.o (symbol from plugin)
 .text          0x0000000000000000        0x0 AEScoprocessorAPIinterrupts.o (symbol from plugin)

Memory Configuration

Name             Origin             Length             Attributes
flash            0x0000000000080000 0x0000000000040000
ram              0x000000000400004c 0x0000000000007fb4
*default*        0x0000000000000000 0xffffffffffffffff

Linker script and memory map

LOAD AN1193_Blinky.o
LOAD C:\Users\Giau\AppData\Local\Temp\ccE7wt36.ltrans0.ltrans.o
LOAD c:/nxp/bstudio_nxp/sdk/tools/ba-elf-ba2-r36379/bin/../lib/gcc/ba-elf/4.7.4/../../../../ba-elf/lib/mcpu_jn51xx_sizeopt\libc.a
LOAD c:/nxp/bstudio_nxp/sdk/tools/ba-elf-ba2-r36379/bin/../lib/gcc/ba-elf/4.7.4/mcpu_jn51xx_sizeopt\libgcc.a
LOAD c:/nxp/bstudio_nxp/sdk/tools/ba-elf-ba2-r36379/bin/../lib/gcc/ba-elf/4.7.4/../../../../ba-elf/lib/mcpu_jn51xx_sizeopt\libc.a
START GROUP
LOAD c:/NXP/bstudio_nxp/sdk/JN-SW-4170/Components/Library\libAes_JN516x.a
LOAD c:/NXP/bstudio_nxp/sdk/JN-SW-4170/Components/Library\libHardwareApi_JN516x.a
LOAD c:/NXP/bstudio_nxp/sdk/JN-SW-4170/Components/Library\libMicroSpecific_JN516x.a
LOAD c:/NXP/bstudio_nxp/sdk/JN-SW-4170/Components/Library\libBoot_JN516x.a
LOAD c:/NXP/bstudio_nxp/sdk/JN-SW-4170/Platform/DK4/Library\libBoardLib_JN516x.a
LOAD c:/NXP/bstudio_nxp/sdk/JN-SW-4170/Components/Library\libDBG_JN516x.a
END GROUP
LOAD c:/nxp/bstudio_nxp/sdk/tools/ba-elf-ba2-r36379/bin/../lib/gcc/ba-elf/4.7.4/../../../../ba-elf/lib/mcpu_jn51xx_sizeopt\libc.a
LOAD c:/nxp/bstudio_nxp/sdk/tools/ba-elf-ba2-r36379/bin/../lib/gcc/ba-elf/4.7.4/mcpu_jn51xx_sizeopt\libgcc.a
LOAD c:/nxp/bstudio_nxp/sdk/tools/ba-elf-ba2-r36379/bin/../lib/gcc/ba-elf/4.7.4/../../../../ba-elf/lib/mcpu_jn51xx_sizeopt\libc.a
                0x0000000000080038                _exception_vsr_table = 0x80038
                0x0000000004000000                pSPIflashFncTable = 0x4000000
                0x0000000000000044                restore_state = 0x44
                0x000000000000004a                bZSPIWaitWIPClear = 0x4a
                0x0000000000000050                u16ZSPIflashRDID = 0x50
                0x0000000000000056                u8SelectFlashChipType = 0x56
                0x000000000000005c                memcpy = 0x5c
                0x0000000000000066                vBootFlashProg = 0x66
                [0x0000000000000d16]                __minimum_heap_size = DEFINED (__minimum_heap_size)?__minimum_heap_size:0xd16
                [0x0000000000000800]                __stack_size = DEFINED (__stack_size)?__stack_size:0x800
                0x0000000000000000                _SwConfig = (DEFINED (g_bSWConf_Debug) | (DEFINED (g_bSWConf_AltDebugPort) << 0x1))

.version        0x000000000007fffc        0x4
                0x000000000007fffc        0x4 LONG 0x7030008

.bir            0x0000000000080000       0x10
                0x0000000000080000                _flash_start = ABSOLUTE (.)
                0x0000000000080000                _flash_beg = ABSOLUTE (.)
                0x0000000000080000        0x4 LONG 0x12345678
                0x0000000000080004        0x4 LONG 0x11223344
                0x0000000000080008        0x4 LONG 0x55667788
                0x000000000008000c        0x1 BYTE 0x8
                0x000000000008000d        0x1 BYTE 0x1
                0x000000000008000e        0x2 SHORT 0x0

.flashheader    0x0000000000080010       0x28
                0x0000000000080010        0x4 LONG 0x0
                0x0000000000080014        0x4 LONG 0x0
                0x0000000000080018        0x4 LONG 0x0
                0x000000000008001c        0x2 SHORT 0x0
                0x000000000008001e        0x2 SHORT 0x0 ABSOLUTE (_SwConfig)
                0x0000000000080020                _enc_start = ABSOLUTE (.)
                0x0000000000080020        0x4 LONG 0x770 ABSOLUTE (_image_len)
                0x0000000000080024        0x4 LONG 0x80768 ABSOLUTE (_flash_data_start)
                0x0000000000080028        0x2 SHORT 0x13 ((ABSOLUTE (_ram_data_start) / 0x4) & 0xffff)
                0x000000000008002a        0x2 SHORT 0x2 ((ABSOLUTE (_ram_data_len) / 0x4) & 0xffff)
                0x000000000008002c        0x2 SHORT 0x15 ((ABSOLUTE (_bss_start) / 0x4) & 0xffff)
                0x000000000008002e        0x2 SHORT 0x1d ((ABSOLUTE (_bss_len) / 0x4) & 0xffff)
                0x0000000000080030        0x4 LONG 0x8070e ABSOLUTE (AppWarmStart)
                0x0000000000080034        0x4 LONG 0x8055f ABSOLUTE (AppColdStart)
                0x0000000000000000                _enc_offset = (_enc_start & 0xf)
                0x0000000000000044                PROVIDE (vException_BusError, restore_state)
                0x0000000000000044                PROVIDE (vException_UnalignedAccess, restore_state)
                0x0000000000000044                PROVIDE (vException_IllegalInstruction, restore_state)
                0x0000000000000044                PROVIDE (vException_SysCall, restore_state)
                0x0000000000000044                PROVIDE (vException_Trap, restore_state)
                0x0000000000000044                PROVIDE (vException_StackOverflow, restore_state)
                0x0000000000080038                . = ABSOLUTE (_exception_vsr_table)

.vsr_table      0x0000000000080038       0x18
                0x0000000000080038        0x4 LONG 0x44 ABSOLUTE (vException_BusError)
                0x000000000008003c        0x4 LONG 0x44 ABSOLUTE (vException_UnalignedAccess)
                0x0000000000080040        0x4 LONG 0x44 ABSOLUTE (vException_IllegalInstruction)
                0x0000000000080044        0x4 LONG 0x44 ABSOLUTE (vException_SysCall)
                0x0000000000080048        0x4 LONG 0x44 ABSOLUTE (vException_Trap)
                0x000000000008004c        0x4 LONG 0x44 ABSOLUTE (vException_StackOverflow)

.vsr_handlers   0x0000000000080050       0xaa
 *(.vsr_handlers)
 .vsr_handlers  0x0000000000080050       0xaa c:/NXP/bstudio_nxp/sdk/JN-SW-4170/Components/Library\libBoot_JN516x.a(ExceptionHandler.o)
                0x0000000000080050                _exception_external_interrupt
                0x00000000000800f8                _default_vsr_dummy

.rodata         0x00000000000800fc       0x14
 *(.rodata*)
 .rodata        0x00000000000800fc       0x14 C:\Users\Giau\AppData\Local\Temp\ccE7wt36.ltrans0.ltrans.o

.text           0x0000000000080110      0x656
 *(.text*)
 .text          0x0000000000080110      0x604 C:\Users\Giau\AppData\Local\Temp\ccE7wt36.ltrans0.ltrans.o
                0x000000000008055f                AppColdStart
                0x000000000008070e                AppWarmStart
 .text          0x0000000000080714       0x19 c:/nxp/bstudio_nxp/sdk/tools/ba-elf-ba2-r36379/bin/../lib/gcc/ba-elf/4.7.4/../../../../ba-elf/lib/mcpu_jn51xx_sizeopt\libc.a(lib_a-memcpy.o)
 .text          0x000000000008072d       0x12 c:/nxp/bstudio_nxp/sdk/tools/ba-elf-ba2-r36379/bin/../lib/gcc/ba-elf/4.7.4/../../../../ba-elf/lib/mcpu_jn51xx_sizeopt\libc.a(lib_a-memset.o)
                0x000000000008072d                memset
 .text          0x000000000008073f       0x27 c:/NXP/bstudio_nxp/sdk/JN-SW-4170/Components/Library\libHardwareApi_JN516x.a(AHI_Interrupt.o)
                0x000000000008073f                vAHI_InterruptSetPriority
                0x000000000008075d                vAHI_InterruptSetActivePriorityLevel
                0x0000000000080766                _flash_end = ABSOLUTE (.)

.rela.dyn       0x0000000000080768        0x0
 .rela.data     0x0000000000000000        0x0 C:\Users\Giau\AppData\Local\Temp\ccE7wt36.ltrans0.ltrans.o
 .rela.rodata   0x0000000000000000        0x0 C:\Users\Giau\AppData\Local\Temp\ccE7wt36.ltrans0.ltrans.o
                0x000000000400004c                . = ORIGIN (ram)

.data           0x000000000400004c        0x8 load address 0x0000000000080768
                0x000000000400004c                _ram_data_start = ABSOLUTE (.)
 *(.data*)
 .data          0x000000000400004c        0x8 C:\Users\Giau\AppData\Local\Temp\ccE7wt36.ltrans0.ltrans.o
                0x000000000400004c                u32HeapStart
 *(.data.*)
                0x0000000004000054                . = ALIGN (0x4)
                0x0000000004000054                _ram_data_end = ABSOLUTE (.)

.bss            0x0000000004000054       0x74 load address 0x0000000000080770
                0x0000000004000054                _bss_start = ABSOLUTE (.)
 *(.bss*)
 .bss           0x0000000004000054       0x2c C:\Users\Giau\AppData\Local\Temp\ccE7wt36.ltrans0.ltrans.o
 .bss.dontinitinboot
                0x0000000004000080        0x4 C:\Users\Giau\AppData\Local\Temp\ccE7wt36.ltrans0.ltrans.o
 .bss.initinboot
                0x0000000004000084        0x4 C:\Users\Giau\AppData\Local\Temp\ccE7wt36.ltrans0.ltrans.o
 .bss.dontinitinboot
                0x0000000004000088       0x40 c:/NXP/bstudio_nxp/sdk/JN-SW-4170/Components/Library\libBoot_JN516x.a(ExceptionHandler.o)
                0x0000000004000088                isr_handlers
 *(.bss.*)
 *(.scommon*)
 *(.scommon.*)
 *(COMMON)
                0x00000000040000c8                . = ALIGN (0x4)
                0x00000000040000c8                _bss_end = ABSOLUTE (.)

.heap           0x00000000040000c8      0xd16 load address 0x00000000000807e4
                0x00000000040000c8                _heap_start = ABSOLUTE (.)
                0x0000000004000dde                . = (. + __minimum_heap_size)
 *fill*         0x00000000040000c8      0xd16 00

.stack          0x0000000004007800      0x800 load address 0x0000000000087f1c
                0x0000000004007800                _heap_end = ABSOLUTE (.)
                0x0000000004007800                _stack_low_water_mark = ABSOLUTE (.)
                0x0000000004008000                . = (. + __stack_size)
 *fill*         0x0000000004007800      0x800 00

.test           0x0000000000080770        0x1
                0x0000000000080770        0x1 BYTE 0xff
                0x0000000000080768                _flash_data_start = LOADADDR (.data)
                0x0000000000000008                _ram_data_len = (((_ram_data_end - _ram_data_start) + 0x3) & 0xfffffffffffffffc)
                0x0000000000000074                _bss_len = (((_bss_end - _bss_start) + 0x3) & 0xfffffffffffffffc)
                0x0000000000000770                _image_len = ((((_flash_end - _flash_start) + _ram_data_len) + 0x3) & 0xfffffffffffffffc)
                0x0000000004008000                _ram_top = (ABSOLUTE (ORIGIN (ram)) + 0x7fb4)
                0x0000000004008000                ram_top = (ABSOLUTE (ORIGIN (ram)) + 0x7fb4)
                0x0000000001001580                _app_ram_start = 0x1001580
                0x000000000400004c                PROVIDE (_heap_location, u32HeapStart)
                0x000000000400004c                PROVIDE (heap_location, u32HeapStart)
OUTPUT(AN1193_Blinky_JN5168.elf elf32-ba)

.comment        0x0000000000000000       0x11
 .comment       0x0000000000000000       0x11 C:\Users\Giau\AppData\Local\Temp\ccE7wt36.ltrans0.ltrans.o
                                         0x12 (size before relaxing)
 .comment       0x0000000000000000       0x12 c:/nxp/bstudio_nxp/sdk/tools/ba-elf-ba2-r36379/bin/../lib/gcc/ba-elf/4.7.4/../../../../ba-elf/lib/mcpu_jn51xx_sizeopt\libc.a(lib_a-memcpy.o)
 .comment       0x0000000000000000       0x12 c:/nxp/bstudio_nxp/sdk/tools/ba-elf-ba2-r36379/bin/../lib/gcc/ba-elf/4.7.4/../../../../ba-elf/lib/mcpu_jn51xx_sizeopt\libc.a(lib_a-memset.o)

.debug_info     0x0000000000000000      0x29b
 .debug_info    0x0000000000000000      0x106 c:/nxp/bstudio_nxp/sdk/tools/ba-elf-ba2-r36379/bin/../lib/gcc/ba-elf/4.7.4/../../../../ba-elf/lib/mcpu_jn51xx_sizeopt\libc.a(lib_a-memcpy.o)
 .debug_info    0x0000000000000106       0xd7 c:/nxp/bstudio_nxp/sdk/tools/ba-elf-ba2-r36379/bin/../lib/gcc/ba-elf/4.7.4/../../../../ba-elf/lib/mcpu_jn51xx_sizeopt\libc.a(lib_a-memset.o)
 .debug_info    0x00000000000001dd       0xbe c:/NXP/bstudio_nxp/sdk/JN-SW-4170/Components/Library\libBoot_JN516x.a(ExceptionHandler.o)

.debug_abbrev   0x0000000000000000      0x146
 .debug_abbrev  0x0000000000000000       0xa4 c:/nxp/bstudio_nxp/sdk/tools/ba-elf-ba2-r36379/bin/../lib/gcc/ba-elf/4.7.4/../../../../ba-elf/lib/mcpu_jn51xx_sizeopt\libc.a(lib_a-memcpy.o)
 .debug_abbrev  0x00000000000000a4       0x8e c:/nxp/bstudio_nxp/sdk/tools/ba-elf-ba2-r36379/bin/../lib/gcc/ba-elf/4.7.4/../../../../ba-elf/lib/mcpu_jn51xx_sizeopt\libc.a(lib_a-memset.o)
 .debug_abbrev  0x0000000000000132       0x14 c:/NXP/bstudio_nxp/sdk/JN-SW-4170/Components/Library\libBoot_JN516x.a(ExceptionHandler.o)

.debug_loc      0x0000000000000000       0x78
 .debug_loc     0x0000000000000000       0x39 c:/nxp/bstudio_nxp/sdk/tools/ba-elf-ba2-r36379/bin/../lib/gcc/ba-elf/4.7.4/../../../../ba-elf/lib/mcpu_jn51xx_sizeopt\libc.a(lib_a-memcpy.o)
 .debug_loc     0x0000000000000039       0x3f c:/nxp/bstudio_nxp/sdk/tools/ba-elf-ba2-r36379/bin/../lib/gcc/ba-elf/4.7.4/../../../../ba-elf/lib/mcpu_jn51xx_sizeopt\libc.a(lib_a-memset.o)

.debug_aranges  0x0000000000000000       0x60
 .debug_aranges
                0x0000000000000000       0x20 c:/nxp/bstudio_nxp/sdk/tools/ba-elf-ba2-r36379/bin/../lib/gcc/ba-elf/4.7.4/../../../../ba-elf/lib/mcpu_jn51xx_sizeopt\libc.a(lib_a-memcpy.o)
 .debug_aranges
                0x0000000000000020       0x20 c:/nxp/bstudio_nxp/sdk/tools/ba-elf-ba2-r36379/bin/../lib/gcc/ba-elf/4.7.4/../../../../ba-elf/lib/mcpu_jn51xx_sizeopt\libc.a(lib_a-memset.o)
 .debug_aranges
                0x0000000000000040       0x20 c:/NXP/bstudio_nxp/sdk/JN-SW-4170/Components/Library\libBoot_JN516x.a(ExceptionHandler.o)

.debug_line     0x0000000000000000      0x427
 .debug_line    0x0000000000000000      0x148 c:/nxp/bstudio_nxp/sdk/tools/ba-elf-ba2-r36379/bin/../lib/gcc/ba-elf/4.7.4/../../../../ba-elf/lib/mcpu_jn51xx_sizeopt\libc.a(lib_a-memcpy.o)
 .debug_line    0x0000000000000148      0x13e c:/nxp/bstudio_nxp/sdk/tools/ba-elf-ba2-r36379/bin/../lib/gcc/ba-elf/4.7.4/../../../../ba-elf/lib/mcpu_jn51xx_sizeopt\libc.a(lib_a-memset.o)
 .debug_line    0x0000000000000286      0x1a1 c:/NXP/bstudio_nxp/sdk/JN-SW-4170/Components/Library\libBoot_JN516x.a(ExceptionHandler.o)

.debug_str      0x0000000000000000      0x176
 .debug_str     0x0000000000000000      0x12d c:/nxp/bstudio_nxp/sdk/tools/ba-elf-ba2-r36379/bin/../lib/gcc/ba-elf/4.7.4/../../../../ba-elf/lib/mcpu_jn51xx_sizeopt\libc.a(lib_a-memcpy.o)
                                        0x166 (size before relaxing)
 .debug_str     0x000000000000012d       0x49 c:/nxp/bstudio_nxp/sdk/tools/ba-elf-ba2-r36379/bin/../lib/gcc/ba-elf/4.7.4/../../../../ba-elf/lib/mcpu_jn51xx_sizeopt\libc.a(lib_a-memset.o)
                                        0x152 (size before relaxing)

.debug_frame    0x0000000000000000       0x40
 .debug_frame   0x0000000000000000       0x20 c:/nxp/bstudio_nxp/sdk/tools/ba-elf-ba2-r36379/bin/../lib/gcc/ba-elf/4.7.4/../../../../ba-elf/lib/mcpu_jn51xx_sizeopt\libc.a(lib_a-memcpy.o)
 .debug_frame   0x0000000000000020       0x20 c:/nxp/bstudio_nxp/sdk/tools/ba-elf-ba2-r36379/bin/../lib/gcc/ba-elf/4.7.4/../../../../ba-elf/lib/mcpu_jn51xx_sizeopt\libc.a(lib_a-memset.o)
